gcc -g p1original.c
îº§ gdb a.out
GNU gdb (Ubuntu 8.1.1-0ubuntu1) 8.1.1
Copyright (C) 2018 Free Software Foundation, Inc.
License GPLv3+: GNU GPL version 3 or later <http://gnu.org/licenses/gpl.html>
This is free software: you are free to change and redistribute it.
There is NO WARRANTY, to the extent permitted by law.  Type "show copying"
and "show warranty" for details.
This GDB was configured as "x86_64-linux-gnu".
Type "show configuration" for configuration details.
For bug reporting instructions, please see:
<http://www.gnu.org/software/gdb/bugs/>.
Find the GDB manual and other documentation resources online at:
<http://www.gnu.org/software/gdb/documentation/>.
For help, type "help".
Type "apropos word" to search for commands related to "word"...
Reading symbols from a.out...done.
(gdb) break main
Breakpoint 1 at 0x7fc: file p3original.c, line 21.
(gdb) r
Starting program: /home/runner/pps-test1-sauban-khan-15/a.out 
warning: Error disabling address space randomization: Operation not permitted

Breakpoint 1, main () at p3original.c:21
21  {
(gdb) n
22      printf("Start Of The Program:\n");
(gdb) n
Start Of The Program:
24      input_two_numbers(&x,&y);
(gdb) n
Enter two numbers
2
5
25      find_sum(x,y,&z);
(gdb) n
26      output(x,y,z);
(gdb) n
Sum of 2 + 5 is 7
27      return 0;
(gdb) n
28  }(gdb) n
__libc_start_main (main=0x55cff48007f4 <main>, argc=1, argv=0x7ffd92183308, 
    init=<optimized out>, fini=<optimized out>, rtld_fini=<optimized out>, 
    stack_end=0x7ffd921832f8) at ../csu/libc-start.c:344
344 ../csu/libc-start.c: No such file or directory.
(gdb) 