gcc -g p2original.c
îº§ gdb a.out
GNU gdb (Ubuntu 8.1.1-0ubuntu1) 8.1.1
Copyright (C) 2018 Free Software Foundation, Inc.
License GPLv3+: GNU GPL version 3 or later <http://gnu.org/licenses/gpl.html>
This is free software: you are free to change and redistribute it.
There is NO WARRANTY, to the extent permitted by law.  Type "show copying"
and "show warranty" for details.
This GDB was configured as "x86_64-linux-gnu".
Type "show configuration" for configuration details.
For bug reporting instructions, please see:
<http://www.gnu.org/software/gdb/bugs/>.
Find the GDB manual and other documentation resources online at:
<http://www.gnu.org/software/gdb/documentation/>.
For help, type "help".
Type "apropos word" to search for commands related to "word"...
Reading symbols from a.out...done.
(gdb) break main
Breakpoint 1 at 0x85c: file p5original.c, line 34.
(gdb) r
Starting program: /home/runner/pps-test1-sauban-khan-17/a.out 
warning: Error disabling address space randomization: Operation not permitted

Breakpoint 1, main () at p5original.c:34
34  {
(gdb) n
35    printf("Start Of The Program:\n");
(gdb) n
Start Of The Program:
37    input(&a, &b, &c);
(gdb) n
Enter the first number: 20
Enter the second number: 10
Enter the third number: 30
38    largest=cmp(a, b, c);
(gdb) n
39    output(largest);
(gdb) n
The largest number out of all inputs is: 30
40    return 0;
(gdb) n
41  }(gdb) n
__libc_start_main (main=0x55eb10c00854 <main>, argc=1, argv=0x7ffde68ad0e8, 
    init=<optimized out>, fini=<optimized out>, rtld_fini=<optimized out>, 
    stack_end=0x7ffde68ad0d8) at ../csu/libc-start.c:344
344 ../csu/libc-start.c: No such file or directory.
(gdb) 