gcc -g p4original.c
îº§ gdb a.out
GNU gdb (Ubuntu 8.1.1-0ubuntu1) 8.1.1
Copyright (C) 2018 Free Software Foundation, Inc.
License GPLv3+: GNU GPL version 3 or later <http://gnu.org/licenses/gpl.html>
This is free software: you are free to change and redistribute it.
There is NO WARRANTY, to the extent permitted by law.  Type "show copying"
and "show warranty" for details.
This GDB was configured as "x86_64-linux-gnu".
Type "show configuration" for configuration details.
For bug reporting instructions, please see:
<http://www.gnu.org/software/gdb/bugs/>.
Find the GDB manual and other documentation resources online at:
<http://www.gnu.org/software/gdb/documentation/>.
For help, type "help".
Type "apropos word" to search for commands related to "word"...
Reading symbols from a.out...done.
(gdb) break main
Breakpoint 1 at 0x823: file p4original.c, line 34.
(gdb) r
Starting program: /home/runner/pps-IA1-practice-7/a.out 
warning: Error disabling address space randomization: Operation not permitted

Breakpoint 1, main () at p4original.c:34
34    printf("Start Of The Program:\n");
(gdb) n
Start Of The Program:
36    a = input();
(gdb) n
Enter a number: 3
37    b = input();
(gdb) n
Enter a number: 4
38    c = input();
(gdb) n
Enter a number: 5
39    l = cmp(a, b, c);
(gdb) n
40    output(l);
(gdb) n
The largest number in the given input is: 5
41    return 0;
(gdb) n
(gdb) c
Continuing.
[Inferior 1 (process 106) exited normally]
(gdb) 