 gcc -g p6original.c
îº§ gdb a.out
GNU gdb (Ubuntu 8.1.1-0ubuntu1) 8.1.1
Copyright (C) 2018 Free Software Foundation, Inc.
License GPLv3+: GNU GPL version 3 or later <http://gnu.org/licenses/gpl.html>
This is free software: you are free to change and redistribute it.
There is NO WARRANTY, to the extent permitted by law.  Type "show copying"
and "show warranty" for details.
This GDB was configured as "x86_64-linux-gnu".
Type "show configuration" for configuration details.
For bug reporting instructions, please see:
<http://www.gnu.org/software/gdb/bugs/>.
Find the GDB manual and other documentation resources online at:
<http://www.gnu.org/software/gdb/documentation/>.
For help, type "help".
Type "apropos word" to search for commands related to "word"...
Reading symbols from a.out...done.
(gdb) break main
Breakpoint 1 at 0x8b4: file p9original.c, line 76.
(gdb) r
Starting program: /home/runner/pps-test1-Adarsh-Menon/a.out 
warning: Error disabling address space randomization: Operation not permitted

Breakpoint 1, main () at p9original.c:76
76  {
(gdb) n
79    input_two_string(a, b);
(gdb) n
Enter the First String: hi
Enter the Second String: hi
80    result = strcmp(a, b);
(gdb) n
81    output(a, b, result);
(gdb) n
hi is Equal to hi
82    return 0;
(gdb) n
83  }(gdb) n
__libc_start_main (main=0x5622a48008ac <main>, argc=1, argv=0x7fff3298c158, 
    init=<optimized out>, fini=<optimized out>, rtld_fini=<optimized out>, 
    stack_end=0x7fff3298c148) at ../csu/libc-start.c:344
344 ../csu/libc-start.c: No such file or directory.
(gdb) n