gcc -g p7original.c
îº§ gdb a.out
GNU gdb (Ubuntu 8.1.1-0ubuntu1) 8.1.1
Copyright (C) 2018 Free Software Foundation, Inc.
License GPLv3+: GNU GPL version 3 or later <http://gnu.org/licenses/gpl.html>
This is free software: you are free to change and redistribute it.
There is NO WARRANTY, to the extent permitted by law.  Type "show copying"
and "show warranty" for details.
This GDB was configured as "x86_64-linux-gnu".
Type "show configuration" for configuration details.
For bug reporting instructions, please see:
<http://www.gnu.org/software/gdb/bugs/>.
Find the GDB manual and other documentation resources online at:
<http://www.gnu.org/software/gdb/documentation/>.
For help, type "help".
Type "apropos word" to search for commands related to "word"...
Reading symbols from a.out...done.
(gdb) break main
Breakpoint 1 at 0x856: file p10original.c, line 38.
(gdb) r
Starting program: /home/runner/pps-test1-sauban-khan-26/a.out 
warning: Error disabling address space randomization: Operation not permitted

Breakpoint 1, main () at p10original.c:38
38      c1 = input();
(gdb) n
Enter the Real part: 3
Enter the Imaginary part: 6
39      c2 = input();
(gdb) n
Enter the Real part: 4
Enter the Imaginary part: 2
40      sum = add(c1, c2);
(gdb) n
41      output(c1, c2, sum);
(gdb) n
The sum of 3.0 + 6.0i and 4.0 + 2.0i is 7.0 + 8.0i
42      return 0;
(gdb) n
43  }
(gdb) n
__libc_start_main (main=0x55d1af20084e <main>, argc=1, argv=0x7ffc935b3ee8, 
    init=<optimized out>, fini=<optimized out>, rtld_fini=<optimized out>, 
    stack_end=0x7ffc935b3ed8) at ../csu/libc-start.c:344
344 ../csu/libc-start.c: No such file or directory.
(gdb) 
