gcc -g p7original.c
îº§ gdb a.out 
GNU gdb (Ubuntu 8.1.1-0ubuntu1) 8.1.1
Copyright (C) 2018 Free Software Foundation, Inc.
License GPLv3+: GNU GPL version 3 or later <http://gnu.org/licenses/gpl.html>
This is free software: you are free to change and redistribute it.
There is NO WARRANTY, to the extent permitted by law.  Type "show copying"
and "show warranty" for details.
This GDB was configured as "x86_64-linux-gnu".
Type "show configuration" for configuration details.
For bug reporting instructions, please see:
<http://www.gnu.org/software/gdb/bugs/>.
Find the GDB manual and other documentation resources online at:
<http://www.gnu.org/software/gdb/documentation/>.
For help, type "help".
Type "apropos word" to search for commands related to "word"...
Reading symbols from a.out...done.
(gdb) break main
Breakpoint 1 at 0x8fb: file p7original.c, line 39.
(gdb) r
Starting program: /home/runner/pps-IA1-practice-10/a.out 
warning: Error disabling address space randomization: Operation not permitted

Breakpoint 1, main () at p7original.c:39
39  {
(gdb) n
40    printf("Start Of The Program:\n");
(gdb) n
Start Of The Program:
42    n = input_array_size();
(gdb) n
Enter length of array: 3
43    int a[n];
(gdb) n
44    input_array(n, a);
(gdb) n
Enter a number to input: 4
Enter a number to input: 5
Enter a number to input: 2
45    sum = sum_n_arrays(n, a);
(gdb) n
46    output(n, a, sum);
(gdb) n
4+5+2 is 11
47    return 0;
(gdb) n
48  }(gdb) c
Continuing.
[Inferior 1 (process 95) exited normally]
(gdb) 