gcc -g p8original.c
îº§ gdb a.out
GNU gdb (Ubuntu 8.1.1-0ubuntu1) 8.1.1
Copyright (C) 2018 Free Software Foundation, Inc.
License GPLv3+: GNU GPL version 3 or later <http://gnu.org/licenses/gpl.html>
This is free software: you are free to change and redistribute it.
There is NO WARRANTY, to the extent permitted by law.  Type "show copying"
and "show warranty" for details.
This GDB was configured as "x86_64-linux-gnu".
Type "show configuration" for configuration details.
For bug reporting instructions, please see:
<http://www.gnu.org/software/gdb/bugs/>.
Find the GDB manual and other documentation resources online at:
<http://www.gnu.org/software/gdb/documentation/>.
For help, type "help".
Type "apropos word" to search for commands related to "word"...
Reading symbols from a.out...done.
(gdb) break main
Breakpoint 1 at 0xa1f: file p11original.c, line 49.
(gdb) r
Starting program: /home/runner/pps-test1-sauban-khan-27/a.out 
warning: Error disabling address space randomization: Operation not permitted

Breakpoint 1, main () at p11original.c:49
49  {
(gdb) n
50    printf("Start Of The Program:\n");
(gdb) n
Start Of The Program:
51    int n = get_n();
(gdb) n
Enter the number of complex numbers: 5
52    Complex c[n], res;
(gdb) n
53    input_n_complex(n, c);
(gdb) n
Enter the real part: 3
Enter the imaginary part: 8
Enter the real part: 4
Enter the imaginary part: 6
Enter the real part: 9
Enter the imaginary part: 7
Enter the real part: 2
Enter the imaginary part: 5
Enter the real part: 1 
Enter the imaginary part: 10
54    res = add_n_complex(n, c);
(gdb) n
55    output(n, c, res);
(gdb) n
3.00 + 8.00i
4.00 + 6.00i
9.00 + 7.00i
2.00 + 5.00i
+ 1.00 + 10.00i is
19.00 + 36.00i
56    return 0;
(gdb) n
57  }
(gdb) c
Continuing.
[Inferior 1 (process 99) exited normally]
(gdb) 
